Archive member included to satisfy reference by file (symbol)

c:/program files (x86)/atmel/studio/7.0/toolchain/avr8/avr8-gnu-toolchain/bin/../lib/gcc/avr/5.4.0/avr5\libgcc.a(_exit.o)
                              C:/Program Files (x86)/Atmel/Studio/7.0/Packs/atmel/ATmega_DFP/1.7.374/gcc/dev/atmega32a/avr5/crtatmega32a.o (exit)
c:/program files (x86)/atmel/studio/7.0/toolchain/avr8/avr8-gnu-toolchain/bin/../lib/gcc/avr/5.4.0/avr5\libgcc.a(_clear_bss.o)
                              APP/APP.o (__do_clear_bss)

Discarded input sections

 .data          0x00000000        0x0 C:/Program Files (x86)/Atmel/Studio/7.0/Packs/atmel/ATmega_DFP/1.7.374/gcc/dev/atmega32a/avr5/crtatmega32a.o
 .bss           0x00000000        0x0 C:/Program Files (x86)/Atmel/Studio/7.0/Packs/atmel/ATmega_DFP/1.7.374/gcc/dev/atmega32a/avr5/crtatmega32a.o
 .text          0x00000000        0x0 APP/APP.o
 .data          0x00000000        0x0 APP/APP.o
 .bss           0x00000000        0x0 APP/APP.o
 .text          0x00000000        0x0 ECUAL/BUTTON_Driver/Button.o
 .data          0x00000000        0x0 ECUAL/BUTTON_Driver/Button.o
 .bss           0x00000000        0x0 ECUAL/BUTTON_Driver/Button.o
 .text.BUTTON_read
                0x00000000       0x6c ECUAL/BUTTON_Driver/Button.o
 .text          0x00000000        0x0 ECUAL/BUTTON_Driver/BUTTON_TEST.o
 .data          0x00000000        0x0 ECUAL/BUTTON_Driver/BUTTON_TEST.o
 .bss           0x00000000        0x0 ECUAL/BUTTON_Driver/BUTTON_TEST.o
 .text.Button_Test
                0x00000000       0x28 ECUAL/BUTTON_Driver/BUTTON_TEST.o
 .debug_info    0x00000000       0xbf ECUAL/BUTTON_Driver/BUTTON_TEST.o
 .debug_abbrev  0x00000000       0x8d ECUAL/BUTTON_Driver/BUTTON_TEST.o
 .debug_loc     0x00000000       0x48 ECUAL/BUTTON_Driver/BUTTON_TEST.o
 .debug_aranges
                0x00000000       0x20 ECUAL/BUTTON_Driver/BUTTON_TEST.o
 .debug_ranges  0x00000000       0x10 ECUAL/BUTTON_Driver/BUTTON_TEST.o
 .debug_line    0x00000000       0xcc ECUAL/BUTTON_Driver/BUTTON_TEST.o
 .debug_str     0x00000000      0x183 ECUAL/BUTTON_Driver/BUTTON_TEST.o
 .comment       0x00000000       0x31 ECUAL/BUTTON_Driver/BUTTON_TEST.o
 .debug_frame   0x00000000       0x34 ECUAL/BUTTON_Driver/BUTTON_TEST.o
 .text          0x00000000        0x0 ECUAL/LED_Driver/LED.o
 .data          0x00000000        0x0 ECUAL/LED_Driver/LED.o
 .bss           0x00000000        0x0 ECUAL/LED_Driver/LED.o
 .text          0x00000000        0x0 ECUAL/LED_Driver/LED_TEST.o
 .data          0x00000000        0x0 ECUAL/LED_Driver/LED_TEST.o
 .bss           0x00000000        0x0 ECUAL/LED_Driver/LED_TEST.o
 .text.Led_Test
                0x00000000       0x22 ECUAL/LED_Driver/LED_TEST.o
 .debug_info    0x00000000       0xe7 ECUAL/LED_Driver/LED_TEST.o
 .debug_abbrev  0x00000000       0x71 ECUAL/LED_Driver/LED_TEST.o
 .debug_aranges
                0x00000000       0x20 ECUAL/LED_Driver/LED_TEST.o
 .debug_ranges  0x00000000       0x10 ECUAL/LED_Driver/LED_TEST.o
 .debug_line    0x00000000       0x6d ECUAL/LED_Driver/LED_TEST.o
 .debug_str     0x00000000      0x178 ECUAL/LED_Driver/LED_TEST.o
 .comment       0x00000000       0x31 ECUAL/LED_Driver/LED_TEST.o
 .debug_frame   0x00000000       0x24 ECUAL/LED_Driver/LED_TEST.o
 .text          0x00000000        0x0 main.o
 .data          0x00000000        0x0 main.o
 .bss           0x00000000        0x0 main.o
 .text          0x00000000        0x0 MCAL/DIO/Dio.o
 .data          0x00000000        0x0 MCAL/DIO/Dio.o
 .bss           0x00000000        0x0 MCAL/DIO/Dio.o
 .text.DIO_read
                0x00000000       0xd0 MCAL/DIO/Dio.o
 .text          0x00000000        0x0 MCAL/DIO/DIO_TEST.o
 .data          0x00000000        0x0 MCAL/DIO/DIO_TEST.o
 .bss           0x00000000        0x0 MCAL/DIO/DIO_TEST.o
 .text.Dio_Test
                0x00000000       0x5e MCAL/DIO/DIO_TEST.o
 .debug_info    0x00000000      0x187 MCAL/DIO/DIO_TEST.o
 .debug_abbrev  0x00000000       0x8d MCAL/DIO/DIO_TEST.o
 .debug_loc     0x00000000       0x48 MCAL/DIO/DIO_TEST.o
 .debug_aranges
                0x00000000       0x20 MCAL/DIO/DIO_TEST.o
 .debug_ranges  0x00000000       0x10 MCAL/DIO/DIO_TEST.o
 .debug_line    0x00000000       0xc5 MCAL/DIO/DIO_TEST.o
 .debug_str     0x00000000      0x186 MCAL/DIO/DIO_TEST.o
 .comment       0x00000000       0x31 MCAL/DIO/DIO_TEST.o
 .debug_frame   0x00000000       0x34 MCAL/DIO/DIO_TEST.o
 .text          0x00000000        0x0 MCAL/INTERRUPTS/INTR_0.o
 .data          0x00000000        0x0 MCAL/INTERRUPTS/INTR_0.o
 .bss           0x00000000        0x0 MCAL/INTERRUPTS/INTR_0.o
 .text          0x00000000        0x0 MCAL/INTERRUPTS/INTR_0_TEST.o
 .data          0x00000000        0x0 MCAL/INTERRUPTS/INTR_0_TEST.o
 .bss           0x00000000        0x0 MCAL/INTERRUPTS/INTR_0_TEST.o
 .text.INTR_0_Test
                0x00000000        0xe MCAL/INTERRUPTS/INTR_0_TEST.o
 .debug_info    0x00000000       0x95 MCAL/INTERRUPTS/INTR_0_TEST.o
 .debug_abbrev  0x00000000       0x58 MCAL/INTERRUPTS/INTR_0_TEST.o
 .debug_aranges
                0x00000000       0x20 MCAL/INTERRUPTS/INTR_0_TEST.o
 .debug_ranges  0x00000000       0x10 MCAL/INTERRUPTS/INTR_0_TEST.o
 .debug_line    0x00000000       0x6c MCAL/INTERRUPTS/INTR_0_TEST.o
 .debug_str     0x00000000      0x184 MCAL/INTERRUPTS/INTR_0_TEST.o
 .comment       0x00000000       0x31 MCAL/INTERRUPTS/INTR_0_TEST.o
 .debug_frame   0x00000000       0x24 MCAL/INTERRUPTS/INTR_0_TEST.o
 .text          0x00000000        0x0 MCAL/TIMERS/TIMER_0/TIMER_0.o
 .data          0x00000000        0x0 MCAL/TIMERS/TIMER_0/TIMER_0.o
 .bss           0x00000000        0x0 MCAL/TIMERS/TIMER_0/TIMER_0.o
 .text.Reset_Timer_0
                0x00000000       0x18 MCAL/TIMERS/TIMER_0/TIMER_0.o
 .text          0x00000000        0x0 MCAL/TIMERS/TIMER_0/TIMER_0_TEST.o
 .data          0x00000000        0x0 MCAL/TIMERS/TIMER_0/TIMER_0_TEST.o
 .bss           0x00000000        0x0 MCAL/TIMERS/TIMER_0/TIMER_0_TEST.o
 .text.Timer_0_Test
                0x00000000        0xe MCAL/TIMERS/TIMER_0/TIMER_0_TEST.o
 .debug_info    0x00000000       0x90 MCAL/TIMERS/TIMER_0/TIMER_0_TEST.o
 .debug_abbrev  0x00000000       0x71 MCAL/TIMERS/TIMER_0/TIMER_0_TEST.o
 .debug_aranges
                0x00000000       0x20 MCAL/TIMERS/TIMER_0/TIMER_0_TEST.o
 .debug_ranges  0x00000000       0x10 MCAL/TIMERS/TIMER_0/TIMER_0_TEST.o
 .debug_line    0x00000000       0x6c MCAL/TIMERS/TIMER_0/TIMER_0_TEST.o
 .debug_str     0x00000000      0x17a MCAL/TIMERS/TIMER_0/TIMER_0_TEST.o
 .comment       0x00000000       0x31 MCAL/TIMERS/TIMER_0/TIMER_0_TEST.o
 .debug_frame   0x00000000       0x24 MCAL/TIMERS/TIMER_0/TIMER_0_TEST.o
 .text          0x00000000        0x0 c:/program files (x86)/atmel/studio/7.0/toolchain/avr8/avr8-gnu-toolchain/bin/../lib/gcc/avr/5.4.0/avr5\libgcc.a(_exit.o)
 .data          0x00000000        0x0 c:/program files (x86)/atmel/studio/7.0/toolchain/avr8/avr8-gnu-toolchain/bin/../lib/gcc/avr/5.4.0/avr5\libgcc.a(_exit.o)
 .bss           0x00000000        0x0 c:/program files (x86)/atmel/studio/7.0/toolchain/avr8/avr8-gnu-toolchain/bin/../lib/gcc/avr/5.4.0/avr5\libgcc.a(_exit.o)
 .text.libgcc.mul
                0x00000000        0x0 c:/program files (x86)/atmel/studio/7.0/toolchain/avr8/avr8-gnu-toolchain/bin/../lib/gcc/avr/5.4.0/avr5\libgcc.a(_exit.o)
 .text.libgcc.div
                0x00000000        0x0 c:/program files (x86)/atmel/studio/7.0/toolchain/avr8/avr8-gnu-toolchain/bin/../lib/gcc/avr/5.4.0/avr5\libgcc.a(_exit.o)
 .text.libgcc   0x00000000        0x0 c:/program files (x86)/atmel/studio/7.0/toolchain/avr8/avr8-gnu-toolchain/bin/../lib/gcc/avr/5.4.0/avr5\libgcc.a(_exit.o)
 .text.libgcc.prologue
                0x00000000        0x0 c:/program files (x86)/atmel/studio/7.0/toolchain/avr8/avr8-gnu-toolchain/bin/../lib/gcc/avr/5.4.0/avr5\libgcc.a(_exit.o)
 .text.libgcc.builtins
                0x00000000        0x0 c:/program files (x86)/atmel/studio/7.0/toolchain/avr8/avr8-gnu-toolchain/bin/../lib/gcc/avr/5.4.0/avr5\libgcc.a(_exit.o)
 .text.libgcc.fmul
                0x00000000        0x0 c:/program files (x86)/atmel/studio/7.0/toolchain/avr8/avr8-gnu-toolchain/bin/../lib/gcc/avr/5.4.0/avr5\libgcc.a(_exit.o)
 .text.libgcc.fixed
                0x00000000        0x0 c:/program files (x86)/atmel/studio/7.0/toolchain/avr8/avr8-gnu-toolchain/bin/../lib/gcc/avr/5.4.0/avr5\libgcc.a(_exit.o)
 .text          0x00000000        0x0 c:/program files (x86)/atmel/studio/7.0/toolchain/avr8/avr8-gnu-toolchain/bin/../lib/gcc/avr/5.4.0/avr5\libgcc.a(_clear_bss.o)
 .data          0x00000000        0x0 c:/program files (x86)/atmel/studio/7.0/toolchain/avr8/avr8-gnu-toolchain/bin/../lib/gcc/avr/5.4.0/avr5\libgcc.a(_clear_bss.o)
 .bss           0x00000000        0x0 c:/program files (x86)/atmel/studio/7.0/toolchain/avr8/avr8-gnu-toolchain/bin/../lib/gcc/avr/5.4.0/avr5\libgcc.a(_clear_bss.o)
 .text.libgcc.mul
                0x00000000        0x0 c:/program files (x86)/atmel/studio/7.0/toolchain/avr8/avr8-gnu-toolchain/bin/../lib/gcc/avr/5.4.0/avr5\libgcc.a(_clear_bss.o)
 .text.libgcc.div
                0x00000000        0x0 c:/program files (x86)/atmel/studio/7.0/toolchain/avr8/avr8-gnu-toolchain/bin/../lib/gcc/avr/5.4.0/avr5\libgcc.a(_clear_bss.o)
 .text.libgcc   0x00000000        0x0 c:/program files (x86)/atmel/studio/7.0/toolchain/avr8/avr8-gnu-toolchain/bin/../lib/gcc/avr/5.4.0/avr5\libgcc.a(_clear_bss.o)
 .text.libgcc.prologue
                0x00000000        0x0 c:/program files (x86)/atmel/studio/7.0/toolchain/avr8/avr8-gnu-toolchain/bin/../lib/gcc/avr/5.4.0/avr5\libgcc.a(_clear_bss.o)
 .text.libgcc.builtins
                0x00000000        0x0 c:/program files (x86)/atmel/studio/7.0/toolchain/avr8/avr8-gnu-toolchain/bin/../lib/gcc/avr/5.4.0/avr5\libgcc.a(_clear_bss.o)
 .text.libgcc.fmul
                0x00000000        0x0 c:/program files (x86)/atmel/studio/7.0/toolchain/avr8/avr8-gnu-toolchain/bin/../lib/gcc/avr/5.4.0/avr5\libgcc.a(_clear_bss.o)
 .text.libgcc.fixed
                0x00000000        0x0 c:/program files (x86)/atmel/studio/7.0/toolchain/avr8/avr8-gnu-toolchain/bin/../lib/gcc/avr/5.4.0/avr5\libgcc.a(_clear_bss.o)

Memory Configuration

Name             Origin             Length             Attributes
text             0x00000000         0x00008000         xr
data             0x00800060         0x00000800         rw !x
eeprom           0x00810000         0x00000400         rw !x
fuse             0x00820000         0x00000002         rw !x
lock             0x00830000         0x00000400         rw !x
signature        0x00840000         0x00000400         rw !x
user_signatures  0x00850000         0x00000400         rw !x
*default*        0x00000000         0xffffffff

Linker script and memory map

LOAD C:/Program Files (x86)/Atmel/Studio/7.0/Packs/atmel/ATmega_DFP/1.7.374/gcc/dev/atmega32a/avr5/crtatmega32a.o
LOAD APP/APP.o
LOAD ECUAL/BUTTON_Driver/Button.o
LOAD ECUAL/BUTTON_Driver/BUTTON_TEST.o
LOAD ECUAL/LED_Driver/LED.o
LOAD ECUAL/LED_Driver/LED_TEST.o
LOAD main.o
LOAD MCAL/DIO/Dio.o
LOAD MCAL/DIO/DIO_TEST.o
LOAD MCAL/INTERRUPTS/INTR_0.o
LOAD MCAL/INTERRUPTS/INTR_0_TEST.o
LOAD MCAL/TIMERS/TIMER_0/TIMER_0.o
LOAD MCAL/TIMERS/TIMER_0/TIMER_0_TEST.o
START GROUP
LOAD c:/program files (x86)/atmel/studio/7.0/toolchain/avr8/avr8-gnu-toolchain/bin/../lib/gcc/avr/5.4.0/../../../../avr/lib/avr5\libm.a
END GROUP
START GROUP
LOAD c:/program files (x86)/atmel/studio/7.0/toolchain/avr8/avr8-gnu-toolchain/bin/../lib/gcc/avr/5.4.0/avr5\libgcc.a
LOAD c:/program files (x86)/atmel/studio/7.0/toolchain/avr8/avr8-gnu-toolchain/bin/../lib/gcc/avr/5.4.0/../../../../avr/lib/avr5\libm.a
LOAD c:/program files (x86)/atmel/studio/7.0/toolchain/avr8/avr8-gnu-toolchain/bin/../lib/gcc/avr/5.4.0/../../../../avr/lib/avr5\libc.a
LOAD C:/Program Files (x86)/Atmel/Studio/7.0/Packs/atmel/ATmega_DFP/1.7.374/gcc/dev/atmega32a/avr5\libatmega32a.a
END GROUP
                [0x00000000]                __TEXT_REGION_ORIGIN__ = DEFINED (__TEXT_REGION_ORIGIN__)?__TEXT_REGION_ORIGIN__:0x0
                [0x00800060]                __DATA_REGION_ORIGIN__ = DEFINED (__DATA_REGION_ORIGIN__)?__DATA_REGION_ORIGIN__:0x800060
                [0x00008000]                __TEXT_REGION_LENGTH__ = DEFINED (__TEXT_REGION_LENGTH__)?__TEXT_REGION_LENGTH__:0x20000
                [0x00000800]                __DATA_REGION_LENGTH__ = DEFINED (__DATA_REGION_LENGTH__)?__DATA_REGION_LENGTH__:0xffa0
                [0x00000400]                __EEPROM_REGION_LENGTH__ = DEFINED (__EEPROM_REGION_LENGTH__)?__EEPROM_REGION_LENGTH__:0x10000
                [0x00000002]                __FUSE_REGION_LENGTH__ = DEFINED (__FUSE_REGION_LENGTH__)?__FUSE_REGION_LENGTH__:0x400
                0x00000400                __LOCK_REGION_LENGTH__ = DEFINED (__LOCK_REGION_LENGTH__)?__LOCK_REGION_LENGTH__:0x400
                0x00000400                __SIGNATURE_REGION_LENGTH__ = DEFINED (__SIGNATURE_REGION_LENGTH__)?__SIGNATURE_REGION_LENGTH__:0x400
                0x00000400                __USER_SIGNATURE_REGION_LENGTH__ = DEFINED (__USER_SIGNATURE_REGION_LENGTH__)?__USER_SIGNATURE_REGION_LENGTH__:0x400

.hash
 *(.hash)

.dynsym
 *(.dynsym)

.dynstr
 *(.dynstr)

.gnu.version
 *(.gnu.version)

.gnu.version_d
 *(.gnu.version_d)

.gnu.version_r
 *(.gnu.version_r)

.rel.init
 *(.rel.init)

.rela.init
 *(.rela.init)

.rel.text
 *(.rel.text)
 *(.rel.text.*)
 *(.rel.gnu.linkonce.t*)

.rela.text
 *(.rela.text)
 *(.rela.text.*)
 *(.rela.gnu.linkonce.t*)

.rel.fini
 *(.rel.fini)

.rela.fini
 *(.rela.fini)

.rel.rodata
 *(.rel.rodata)
 *(.rel.rodata.*)
 *(.rel.gnu.linkonce.r*)

.rela.rodata
 *(.rela.rodata)
 *(.rela.rodata.*)
 *(.rela.gnu.linkonce.r*)

.rel.data
 *(.rel.data)
 *(.rel.data.*)
 *(.rel.gnu.linkonce.d*)

.rela.data
 *(.rela.data)
 *(.rela.data.*)
 *(.rela.gnu.linkonce.d*)

.rel.ctors
 *(.rel.ctors)

.rela.ctors
 *(.rela.ctors)

.rel.dtors
 *(.rel.dtors)

.rela.dtors
 *(.rela.dtors)

.rel.got
 *(.rel.got)

.rela.got
 *(.rela.got)

.rel.bss
 *(.rel.bss)

.rela.bss
 *(.rela.bss)

.rel.plt
 *(.rel.plt)

.rela.plt
 *(.rela.plt)

.text           0x00000000      0x792
 *(.vectors)
 .vectors       0x00000000       0x54 C:/Program Files (x86)/Atmel/Studio/7.0/Packs/atmel/ATmega_DFP/1.7.374/gcc/dev/atmega32a/avr5/crtatmega32a.o
                0x00000000                __vector_default
                0x00000000                __vectors
 *(.vectors)
 *(.progmem.gcc*)
                0x00000054                . = ALIGN (0x2)
                0x00000054                __trampolines_start = .
 *(.trampolines)
 .trampolines   0x00000054        0x0 linker stubs
 *(.trampolines*)
                0x00000054                __trampolines_end = .
 *libprintf_flt.a:*(.progmem.data)
 *libc.a:*(.progmem.data)
 *(.progmem*)
                0x00000054                . = ALIGN (0x2)
 *(.jumptables)
 *(.jumptables*)
 *(.lowtext)
 *(.lowtext*)
                0x00000054                __ctors_start = .
 *(.ctors)
                0x00000054                __ctors_end = .
                0x00000054                __dtors_start = .
 *(.dtors)
                0x00000054                __dtors_end = .
 SORT(*)(.ctors)
 SORT(*)(.dtors)
 *(.init0)
 .init0         0x00000054        0x0 C:/Program Files (x86)/Atmel/Studio/7.0/Packs/atmel/ATmega_DFP/1.7.374/gcc/dev/atmega32a/avr5/crtatmega32a.o
                0x00000054                __init
 *(.init0)
 *(.init1)
 *(.init1)
 *(.init2)
 .init2         0x00000054        0xc C:/Program Files (x86)/Atmel/Studio/7.0/Packs/atmel/ATmega_DFP/1.7.374/gcc/dev/atmega32a/avr5/crtatmega32a.o
 *(.init2)
 *(.init3)
 *(.init3)
 *(.init4)
 .init4         0x00000060       0x10 c:/program files (x86)/atmel/studio/7.0/toolchain/avr8/avr8-gnu-toolchain/bin/../lib/gcc/avr/5.4.0/avr5\libgcc.a(_clear_bss.o)
                0x00000060                __do_clear_bss
 *(.init4)
 *(.init5)
 *(.init5)
 *(.init6)
 *(.init6)
 *(.init7)
 *(.init7)
 *(.init8)
 *(.init8)
 *(.init9)
 .init9         0x00000070        0x8 C:/Program Files (x86)/Atmel/Studio/7.0/Packs/atmel/ATmega_DFP/1.7.374/gcc/dev/atmega32a/avr5/crtatmega32a.o
 *(.init9)
 *(.text)
 .text          0x00000078        0x4 C:/Program Files (x86)/Atmel/Studio/7.0/Packs/atmel/ATmega_DFP/1.7.374/gcc/dev/atmega32a/avr5/crtatmega32a.o
                0x00000078                __vector_12
                0x00000078                __bad_interrupt
                0x00000078                __vector_6
                0x00000078                __vector_3
                0x00000078                __vector_11
                0x00000078                __vector_13
                0x00000078                __vector_17
                0x00000078                __vector_19
                0x00000078                __vector_7
                0x00000078                __vector_5
                0x00000078                __vector_4
                0x00000078                __vector_9
                0x00000078                __vector_2
                0x00000078                __vector_15
                0x00000078                __vector_8
                0x00000078                __vector_14
                0x00000078                __vector_10
                0x00000078                __vector_16
                0x00000078                __vector_18
                0x00000078                __vector_20
                0x0000007c                . = ALIGN (0x2)
 *(.text.*)
 .text.Init     0x0000007c       0x86 APP/APP.o
 .text.Loop     0x00000102       0xe6 APP/APP.o
 .text.APP_start
                0x000001e8        0xe APP/APP.o
                0x000001e8                APP_start
 .text.__vector_1
                0x000001f6       0x1e APP/APP.o
                0x000001f6                __vector_1
 .text.BUTTON_init
                0x00000214       0x74 ECUAL/BUTTON_Driver/Button.o
                0x00000214                BUTTON_init
 .text.LED_init
                0x00000288       0x74 ECUAL/LED_Driver/LED.o
                0x00000288                LED_init
 .text.LED_on   0x000002fc       0x74 ECUAL/LED_Driver/LED.o
                0x000002fc                LED_on
 .text.LED_off  0x00000370       0x74 ECUAL/LED_Driver/LED.o
                0x00000370                LED_off
 .text.LED_toggle
                0x000003e4       0x6c ECUAL/LED_Driver/LED.o
                0x000003e4                LED_toggle
 .text.LED_toggle_timer
                0x00000450       0x26 ECUAL/LED_Driver/LED.o
                0x00000450                LED_toggle_timer
 .text.main     0x00000476        0xa main.o
                0x00000476                main
 .text.DIO_init
                0x00000480      0x116 MCAL/DIO/Dio.o
                0x00000480                DIO_init
 .text.DIO_write
                0x00000596      0x116 MCAL/DIO/Dio.o
                0x00000596                DIO_write
 .text.DIO_toggle
                0x000006ac       0x7e MCAL/DIO/Dio.o
                0x000006ac                DIO_toggle
 .text.DIO_Reset
                0x0000072a        0xa MCAL/DIO/Dio.o
                0x0000072a                DIO_Reset
 .text.Enable_G_INTRS
                0x00000734        0x4 MCAL/INTERRUPTS/INTR_0.o
                0x00000734                Enable_G_INTRS
 .text.Diable_G_INTRS
                0x00000738        0x4 MCAL/INTERRUPTS/INTR_0.o
                0x00000738                Diable_G_INTRS
 .text.Init_INTR_0
                0x0000073c       0x12 MCAL/INTERRUPTS/INTR_0.o
                0x0000073c                Init_INTR_0
 .text.TIMER_0_init
                0x0000074e        0x6 MCAL/TIMERS/TIMER_0/TIMER_0.o
                0x0000074e                TIMER_0_init
 .text.Stop_timer_0
                0x00000754        0x4 MCAL/TIMERS/TIMER_0/TIMER_0.o
                0x00000754                Stop_timer_0
 .text.TIMER_0_set
                0x00000758       0x36 MCAL/TIMERS/TIMER_0/TIMER_0.o
                0x00000758                TIMER_0_set
                0x0000078e                . = ALIGN (0x2)
 *(.fini9)
 .fini9         0x0000078e        0x0 c:/program files (x86)/atmel/studio/7.0/toolchain/avr8/avr8-gnu-toolchain/bin/../lib/gcc/avr/5.4.0/avr5\libgcc.a(_exit.o)
                0x0000078e                _exit
                0x0000078e                exit
 *(.fini9)
 *(.fini8)
 *(.fini8)
 *(.fini7)
 *(.fini7)
 *(.fini6)
 *(.fini6)
 *(.fini5)
 *(.fini5)
 *(.fini4)
 *(.fini4)
 *(.fini3)
 *(.fini3)
 *(.fini2)
 *(.fini2)
 *(.fini1)
 *(.fini1)
 *(.fini0)
 .fini0         0x0000078e        0x4 c:/program files (x86)/atmel/studio/7.0/toolchain/avr8/avr8-gnu-toolchain/bin/../lib/gcc/avr/5.4.0/avr5\libgcc.a(_exit.o)
 *(.fini0)
                0x00000792                _etext = .

.data           0x00800060        0x0 load address 0x00000792
                [!provide]                PROVIDE (__data_start, .)
 *(.data)
 *(.data*)
 *(.gnu.linkonce.d*)
 *(.rodata)
 *(.rodata*)
 *(.gnu.linkonce.r*)
                0x00800060                . = ALIGN (0x2)
                0x00800060                _edata = .
                [!provide]                PROVIDE (__data_end, .)

.bss            0x00800060        0x4
                0x00800060                PROVIDE (__bss_start, .)
 *(.bss)
 *(.bss*)
 .bss.cycle     0x00800060        0x1 APP/APP.o
 .bss.FLAG      0x00800061        0x1 APP/APP.o
 .bss.LED_COLOR
                0x00800062        0x1 APP/APP.o
 .bss.LD_ST     0x00800063        0x1 APP/APP.o
 *(COMMON)
                0x00800064                PROVIDE (__bss_end, .)
                0x00000792                __data_load_start = LOADADDR (.data)
                0x00000792                __data_load_end = (__data_load_start + SIZEOF (.data))

.noinit         0x00800064        0x0
                [!provide]                PROVIDE (__noinit_start, .)
 *(.noinit*)
                [!provide]                PROVIDE (__noinit_end, .)
                0x00800064                _end = .
                [!provide]                PROVIDE (__heap_start, .)

.eeprom         0x00810000        0x0
 *(.eeprom*)
                0x00810000                __eeprom_end = .

.fuse
 *(.fuse)
 *(.lfuse)
 *(.hfuse)
 *(.efuse)

.lock
 *(.lock*)

.signature
 *(.signature*)

.user_signatures
 *(.user_signatures*)

.stab
 *(.stab)

.stabstr
 *(.stabstr)

.stab.excl
 *(.stab.excl)

.stab.exclstr
 *(.stab.exclstr)

.stab.index
 *(.stab.index)

.stab.indexstr
 *(.stab.indexstr)

.comment        0x00000000       0x30
 *(.comment)
 .comment       0x00000000       0x30 APP/APP.o
                                 0x31 (size before relaxing)
 .comment       0x00000030       0x31 ECUAL/BUTTON_Driver/Button.o
 .comment       0x00000030       0x31 ECUAL/LED_Driver/LED.o
 .comment       0x00000030       0x31 main.o
 .comment       0x00000030       0x31 MCAL/DIO/Dio.o
 .comment       0x00000030       0x31 MCAL/INTERRUPTS/INTR_0.o
 .comment       0x00000030       0x31 MCAL/TIMERS/TIMER_0/TIMER_0.o

.note.gnu.avr.deviceinfo
                0x00000000       0x3c
 .note.gnu.avr.deviceinfo
                0x00000000       0x3c C:/Program Files (x86)/Atmel/Studio/7.0/Packs/atmel/ATmega_DFP/1.7.374/gcc/dev/atmega32a/avr5/crtatmega32a.o

.note.gnu.build-id
 *(.note.gnu.build-id)

.debug
 *(.debug)

.line
 *(.line)

.debug_srcinfo
 *(.debug_srcinfo)

.debug_sfnames
 *(.debug_sfnames)

.debug_aranges  0x00000000      0x168
 *(.debug_aranges)
 .debug_aranges
                0x00000000       0x38 APP/APP.o
 .debug_aranges
                0x00000038       0x28 ECUAL/BUTTON_Driver/Button.o
 .debug_aranges
                0x00000060       0x40 ECUAL/LED_Driver/LED.o
 .debug_aranges
                0x000000a0       0x20 main.o
 .debug_aranges
                0x000000c0       0x40 MCAL/DIO/Dio.o
 .debug_aranges
                0x00000100       0x30 MCAL/INTERRUPTS/INTR_0.o
 .debug_aranges
                0x00000130       0x38 MCAL/TIMERS/TIMER_0/TIMER_0.o

.debug_pubnames
 *(.debug_pubnames)

.debug_info     0x00000000     0x134a
 *(.debug_info .gnu.linkonce.wi.*)
 .debug_info    0x00000000      0x4e6 C:/Program Files (x86)/Atmel/Studio/7.0/Packs/atmel/ATmega_DFP/1.7.374/gcc/dev/atmega32a/avr5/crtatmega32a.o
 .debug_info    0x000004e6      0x4d3 APP/APP.o
 .debug_info    0x000009b9      0x20c ECUAL/BUTTON_Driver/Button.o
 .debug_info    0x00000bc5      0x41d ECUAL/LED_Driver/LED.o
 .debug_info    0x00000fe2       0x73 main.o
 .debug_info    0x00001055      0x171 MCAL/DIO/Dio.o
 .debug_info    0x000011c6       0x8f MCAL/INTERRUPTS/INTR_0.o
 .debug_info    0x00001255       0xf5 MCAL/TIMERS/TIMER_0/TIMER_0.o

.debug_abbrev   0x00000000      0x95a
 *(.debug_abbrev)
 .debug_abbrev  0x00000000      0x4a3 C:/Program Files (x86)/Atmel/Studio/7.0/Packs/atmel/ATmega_DFP/1.7.374/gcc/dev/atmega32a/avr5/crtatmega32a.o
 .debug_abbrev  0x000004a3      0x132 APP/APP.o
 .debug_abbrev  0x000005d5       0xb2 ECUAL/BUTTON_Driver/Button.o
 .debug_abbrev  0x00000687       0xd4 ECUAL/LED_Driver/LED.o
 .debug_abbrev  0x0000075b       0x63 main.o
 .debug_abbrev  0x000007be       0x87 MCAL/DIO/Dio.o
 .debug_abbrev  0x00000845       0x69 MCAL/INTERRUPTS/INTR_0.o
 .debug_abbrev  0x000008ae       0xac MCAL/TIMERS/TIMER_0/TIMER_0.o

.debug_line     0x00000000      0xd96
 *(.debug_line .debug_line.* .debug_line_end)
 .debug_line    0x00000000      0x116 C:/Program Files (x86)/Atmel/Studio/7.0/Packs/atmel/ATmega_DFP/1.7.374/gcc/dev/atmega32a/avr5/crtatmega32a.o
 .debug_line    0x00000116      0x30d APP/APP.o
 .debug_line    0x00000423      0x1d7 ECUAL/BUTTON_Driver/Button.o
 .debug_line    0x000005fa      0x338 ECUAL/LED_Driver/LED.o
 .debug_line    0x00000932       0x57 main.o
 .debug_line    0x00000989      0x207 MCAL/DIO/Dio.o
 .debug_line    0x00000b90       0xd0 MCAL/INTERRUPTS/INTR_0.o
 .debug_line    0x00000c60      0x136 MCAL/TIMERS/TIMER_0/TIMER_0.o

.debug_frame    0x00000000      0x234
 *(.debug_frame)
 .debug_frame   0x00000000       0x60 APP/APP.o
 .debug_frame   0x00000060       0x34 ECUAL/BUTTON_Driver/Button.o
 .debug_frame   0x00000094       0x74 ECUAL/LED_Driver/LED.o
 .debug_frame   0x00000108       0x24 main.o
 .debug_frame   0x0000012c       0x64 MCAL/DIO/Dio.o
 .debug_frame   0x00000190       0x44 MCAL/INTERRUPTS/INTR_0.o
 .debug_frame   0x000001d4       0x60 MCAL/TIMERS/TIMER_0/TIMER_0.o

.debug_str      0x00000000      0x5e6
 *(.debug_str)
 .debug_str     0x00000000      0x196 C:/Program Files (x86)/Atmel/Studio/7.0/Packs/atmel/ATmega_DFP/1.7.374/gcc/dev/atmega32a/avr5/crtatmega32a.o
 .debug_str     0x00000196      0x2e6 APP/APP.o
                                0x2ec (size before relaxing)
 .debug_str     0x0000047c       0x59 ECUAL/BUTTON_Driver/Button.o
                                0x1e6 (size before relaxing)
 .debug_str     0x000004d5       0x50 ECUAL/LED_Driver/LED.o
                                0x222 (size before relaxing)
 .debug_str     0x00000525       0x11 main.o
                                0x148 (size before relaxing)
 .debug_str     0x00000536       0x31 MCAL/DIO/Dio.o
                                0x19d (size before relaxing)
 .debug_str     0x00000567       0x1c MCAL/INTERRUPTS/INTR_0.o
                                0x17b (size before relaxing)
 .debug_str     0x00000583       0x63 MCAL/TIMERS/TIMER_0/TIMER_0.o
                                0x1ad (size before relaxing)

.debug_loc      0x00000000     0x12b5
 *(.debug_loc)
 .debug_loc     0x00000000       0x74 APP/APP.o
 .debug_loc     0x00000074      0x400 ECUAL/BUTTON_Driver/Button.o
 .debug_loc     0x00000474      0x794 ECUAL/LED_Driver/LED.o
 .debug_loc     0x00000c08      0x624 MCAL/DIO/Dio.o
 .debug_loc     0x0000122c       0x89 MCAL/TIMERS/TIMER_0/TIMER_0.o

.debug_macinfo
 *(.debug_macinfo)

.debug_weaknames
 *(.debug_weaknames)

.debug_funcnames
 *(.debug_funcnames)

.debug_typenames
 *(.debug_typenames)

.debug_varnames
 *(.debug_varnames)

.debug_pubtypes
 *(.debug_pubtypes)

.debug_ranges   0x00000000       0xf8
 *(.debug_ranges)
 .debug_ranges  0x00000000       0x28 APP/APP.o
 .debug_ranges  0x00000028       0x18 ECUAL/BUTTON_Driver/Button.o
 .debug_ranges  0x00000040       0x30 ECUAL/LED_Driver/LED.o
 .debug_ranges  0x00000070       0x10 main.o
 .debug_ranges  0x00000080       0x30 MCAL/DIO/Dio.o
 .debug_ranges  0x000000b0       0x20 MCAL/INTERRUPTS/INTR_0.o
 .debug_ranges  0x000000d0       0x28 MCAL/TIMERS/TIMER_0/TIMER_0.o

.debug_macro
 *(.debug_macro)
OUTPUT(GccApplication1.elf elf32-avr)
LOAD linker stubs
